OEDV|Osage Exploration and Development, Inc.
AAPL|Apple Inc.
BAC|Bank of America Corporation
AMZN|Amazon.com, Inc.
T|AT&T Inc.
GOOG|Alphabet Inc.
MO|Altria Group, Inc.
DAL|Delta Air Lines, Inc.
AA|Alcoa Corporation
AXP|American Express Company
DD|E. I. du Pont de Nemours and Company
BABA|Alibaba Group Holding Limited
ABT|Abbott Laboratories
UA|Under Armour, Inc.
AMAT|Applied Materials, Inc.
AMGN|Amgen Inc.
AAL|American Airlines Group Inc.
AIG|American International Group, Inc.
ALL|The Allstate Corporation
ADBE|Adobe Systems Incorporated
GOOGL|Alphabet Inc.
ACN|Accenture plc
ABBV|AbbVie Inc.
MT|ArcelorMittal
LLY|Eli Lilly and Company
AGN|Allergan plc
APA|Apache Corporation
ADP|Automatic Data Processing, Inc.
APC|Anadarko Petroleum Corporation
AKAM|Akamai Technologies, Inc.
NLY|Annaly Capital Management, Inc.
ABX|Barrick Gold Corporation
ATVI|Activision Blizzard, Inc.
ADSK|Autodesk, Inc.
ADM|Archer-Daniels-Midland Company
BMH.AX|Baumart Holdings Limited
WBA|Walgreens Boots Alliance, Inc.
ARNA|Arena Pharmaceuticals, Inc.
LUV|Southwest Airlines Co.
ACAD|ACADIA Pharmaceuticals Inc.
PANW|Palo Alto Networks, Inc.
AMD|Advanced Micro Devices, Inc.
AET|Aetna Inc.
AEP|American Electric Power Company, Inc.
ALXN|Alexion Pharmaceuticals, Inc.
CLMS|Calamos Asset Management Inc.
AVGO|Broadcom Limited
EA|Electronic Arts Inc.
DB|Deutsche Bank Aktiengesellschaft
RAI|Reynolds American Inc.
AEM|Agnico Eagle Mines Limited
APD|Air Products and Chemicals, Inc.
AMBA|Ambarella, Inc.
NVS|Novartis AG
APOL|Apollo Education Group, Inc.
ANF|Abercrombie & Fitch Co.
LULU|Lululemon Athletica Inc.
RAD|Rite Aid Corporation
BRK.AX|Brookside Energy Limited
ARRY|Array BioPharma Inc.
AGNC|AGNC Investment Corp.
JBLU|JetBlue Airways Corporation
A|Agilent Technologies, Inc.
ORLY|O'Reilly Automotive, Inc.
FOLD|Amicus Therapeutics, Inc.
AZO|AutoZone, Inc.
ATML|Atmel Corporation
AN|AutoNation, Inc.
AZN|AstraZeneca PLC
AES|The AES Corporation
GAS|AGL Resources Inc.
BUD|Anheuser-Busch InBev SA/NV
ARR|ARMOUR Residential REIT, Inc.
BDX|Becton, Dickinson and Company
AKS|AK Steel Holding Corporation
AB|AllianceBernstein Holding L.P.
ACOR|Acorda Therapeutics, Inc.
CS|Credit Suisse Group AG
AFL|Aflac Incorporated
ADI|Analog Devices, Inc.
AEGR|Aegerion Pharmaceuticals, Inc.
ACIW|ACI Worldwide, Inc.
AMP|Ameriprise Financial, Inc.
AVP|Avon Products, Inc.
AMTD|TD Ameritrade Holding Corporation
AEO|American Eagle Outfitters, Inc.
AWK|American Water Works Company, Inc.
NVO|Novo Nordisk A/S
ALTR|Altera Corp.
ALK|Alaska Air Group, Inc.
PAA|Plains All American Pipeline, L.P.
MTU.AX|M2 Group Ltd
ARCC|Ares Capital Corporation
AAP|Advance Auto Parts, Inc.
NAT|Nordic American Tankers Limited
FNMA|Federal National Mortgage Association
FAV|First Trust Dividend and Income Fund
AIV|Apartment Investment and Management Company
AGIO|Agios Pharmaceuticals, Inc.
AEE|Ameren Corporation
UBS|UBS Group AG
AVXL|Anavex Life Sciences Corp.
ARLP|Alliance Resource Partners, L.P.
ANTM|Anthem, Inc.
AGU|Agrium Inc.
AG|First Majestic Silver Corp.
AFSI|AmTrust Financial Services, Inc.
ABC|AmerisourceBergen Corporation
STO|Statoil ASA
ATI|Allegheny Technologies Incorporated
ADT|The ADT Corporation
AVB|AvalonBay Communities, Inc.
ATW|Atwood Oceanics, Inc.
ALNY|Alnylam Pharmaceuticals, Inc.
LH|Laboratory Corporation of America Holdings
AVY|Avery Dennison Corporation
AUY|Yamana Gold Inc.
ASH|Ashland Global Holdings Inc.
ARMH|ARM Holdings plc
ARIA|ARIAD Pharmaceuticals, Inc.
ANR|Alpha Natural Resources, Inc.
AINV|Apollo Investment Corporation
ACXM|Acxiom Corporation
ACHN|Achillion Pharmaceuticals, Inc.
ACET|Aceto Corporation
ABMD|ABIOMED, Inc.
ABM|ABM Industries Incorporated
VA|Virgin America Inc.
LIFE|aTyr Pharma, Inc.
ATO|Atmos Energy Corporation
ARP|Atlas Resource Partners, L.P.
AON|Aon plc
ADXS|Advaxis, Inc.
ADC|Agree Realty Corporation
APU|AmeriGas Partners, L.P.
SAVE|Spirit Airlines, Inc.
AV|Aviva plc
AKRX|Akorn, Inc.
ADS|Alliance Data Systems Corporation
ABAX|Abaxis, Inc.
AYI|Acuity Brands, Inc.
AWH|Allied World Assurance Company Holdings, AG
ASML|ASML Holding N.V.
AMT|American Tower Corporation
ALDR|Alder Biopharmaceuticals, Inc.
ACM|AECOM
DWA|DreamWorks Animation SKG Inc.
ATRS|Antares Pharma, Inc.
ARW|Arrow Electronics, Inc.
ARI|Apollo Commercial Real Estate Finance, Inc.
ARG|Airgas, Inc.
AR|Antero Resources Corporation
AMCC|Applied Micro Circuits Corporation
AMC|AMC Entertainment Holdings, Inc.
AL|Air Lease Corporation
AGEN|Agenus Inc.
AAN|Aaron's, Inc.
WTR|Aqua America, Inc.
FCAU|Fiat Chrysler Automobiles N.V.
BAH|Booz Allen Hamilton Holding Corporation
AXAS|Abraxas Petroleum Corporation
AVT|Avnet, Inc.
ALB|Albemarle Corporation
AIZ|Assurant, Inc.
SAIC|Science Applications International Corporation
CAR|Avis Budget Group, Inc.
AXLL|Axiall Corporation
AU|AngloGold Ashanti Limited
ARO|Aéropostale, Inc.
APH|Amphenol Corporation
ANTH|Anthera Pharmaceuticals, Inc.
AMX|América Móvil, S.A.B. de C.V.
AMDA|Amedica Corporation
AI|Arlington Asset Investment Corp.
ABCO|The Advisory Board Company
WMC|Western Asset Mortgage Capital Corporation
MPX.AX|Mustera Property Group Limited
JKHY|Jack Henry & Associates, Inc.
AVAV|AeroVironment, Inc.
AMKR|Amkor Technology, Inc.
ALJ|Alon USA Energy, Inc.
ACH|Aluminum Corporation Of China Limited
GPH.AX|Australian Potash Limited
ERC|Wells Fargo Advantage Multi-Sector Income Fund
APPY|Bioptix, Inc.
ANAC|Anacor Pharmaceuticals, Inc.
AEIS|Advanced Energy Industries, Inc.
Y|Alleghany Corporation
MTGE|MTGE Investment Corp.
CENX|Century Aluminum Company
ASPS|Altisource Portfolio Solutions S.A.
AMRN|Amarin Corporation plc
AMPE|Ampio Pharmaceuticals, Inc.
AMAG|AMAG Pharmaceuticals, Inc.
ALKS|Alkermes plc
AFFX|Affymetrix Inc.
ADES|Advanced Emissions Solutions, Inc.
ACAT|Arctic Cat Inc.
AAON|AAON, Inc.
XLRN|Acceleron Pharma Inc.
